// Jest Snapshot v1, https://goo.gl/fbAQLP

exports[`probar compente de GifGrid mostrar el componente correctamente 1`] = `
<div
  className="card animate__animated animate__fadeInTopLeft"
>
  <img
    alt="titulo"
    src="https://.."
  />
  <p>
    titulo
  </p>
</div>
`;
